// Jest Snapshot v1, https://goo.gl/fbAQLP

exports[`Shop should render Shop component 1`] = `ReactWrapper {}`;
