// Jest Snapshot v1, https://goo.gl/fbAQLP

exports[`should render Home page component 1`] = `ShallowWrapper {}`;
