// Jest Snapshot v1, https://goo.gl/fbAQLP

exports[`CustomFormInput component should render CustomFormInput component 1`] = `ShallowWrapper {}`;
