// Jest Snapshot v1, https://goo.gl/fbAQLP

exports[`should render Checkout page component 1`] = `ShallowWrapper {}`;
